[21-Sep-2025 16:39:56 Europe/Berlin] PHP Fatal error:  Uncaught mysqli_sql_exception: You have an error in your SQL syntax; check the manual that corresponds to your MySQL server version for the right syntax to use near 'add''a' AND accType='buyer'' at line 1 in C:\xampp\htdocs\Aparell-Homes-Secured\src\login.php:23
Stack trace:
#0 C:\xampp\htdocs\Aparell-Homes-Secured\src\login.php(23): mysqli->query('SELECT * FROM u...')
#1 {main}
  thrown in C:\xampp\htdocs\Aparell-Homes-Secured\src\login.php on line 23
[21-Sep-2025 16:40:12 Europe/Berlin] PHP Fatal error:  Uncaught mysqli_sql_exception: You have an error in your SQL syntax; check the manual that corresponds to your MySQL server version for the right syntax to use near 'add''a' AND accType='buyer'' at line 1 in C:\xampp\htdocs\Aparell-Homes-Secured\src\login.php:23
Stack trace:
#0 C:\xampp\htdocs\Aparell-Homes-Secured\src\login.php(23): mysqli->query('SELECT * FROM u...')
#1 {main}
  thrown in C:\xampp\htdocs\Aparell-Homes-Secured\src\login.php on line 23
[21-Sep-2025 16:42:26 Europe/Berlin] PHP Fatal error:  Uncaught mysqli_sql_exception: You have an error in your SQL syntax; check the manual that corresponds to your MySQL server version for the right syntax to use near 'add'a' AND accType='buyer'' at line 1 in C:\xampp\htdocs\Aparell-Homes-Secured\src\login.php:23
Stack trace:
#0 C:\xampp\htdocs\Aparell-Homes-Secured\src\login.php(23): mysqli->query('SELECT * FROM u...')
#1 {main}
  thrown in C:\xampp\htdocs\Aparell-Homes-Secured\src\login.php on line 23
[21-Sep-2025 16:44:24 Europe/Berlin] PHP Fatal error:  Uncaught mysqli_sql_exception: You have an error in your SQL syntax; check the manual that corresponds to your MySQL server version for the right syntax to use near 'add'a' AND accType='buyer'' at line 1 in C:\xampp\htdocs\Aparell-Homes-Secured\src\login.php:24
Stack trace:
#0 C:\xampp\htdocs\Aparell-Homes-Secured\src\login.php(24): mysqli->query('SELECT * FROM u...')
#1 {main}
  thrown in C:\xampp\htdocs\Aparell-Homes-Secured\src\login.php on line 24
[21-Sep-2025 16:50:14 Europe/Berlin] PHP Fatal error:  Uncaught mysqli_sql_exception: You have an error in your SQL syntax; check the manual that corresponds to your MySQL server version for the right syntax to use near 'add'a' AND accType='buyer'' at line 1 in C:\xampp\htdocs\Aparell-Homes-Secured\src\login.php:16
Stack trace:
#0 C:\xampp\htdocs\Aparell-Homes-Secured\src\login.php(16): mysqli->query('SELECT * FROM u...')
#1 {main}
  thrown in C:\xampp\htdocs\Aparell-Homes-Secured\src\login.php on line 16
[21-Sep-2025 16:50:30 Europe/Berlin] PHP Fatal error:  Uncaught mysqli_sql_exception: You have an error in your SQL syntax; check the manual that corresponds to your MySQL server version for the right syntax to use near 'add'a' AND accType='buyer'' at line 1 in C:\xampp\htdocs\Aparell-Homes-Secured\src\login.php:16
Stack trace:
#0 C:\xampp\htdocs\Aparell-Homes-Secured\src\login.php(16): mysqli->query('SELECT * FROM u...')
#1 {main}
  thrown in C:\xampp\htdocs\Aparell-Homes-Secured\src\login.php on line 16
[21-Sep-2025 16:54:11 Europe/Berlin] PHP Fatal error:  Uncaught mysqli_sql_exception: You have an error in your SQL syntax; check the manual that corresponds to your MySQL server version for the right syntax to use near 'add'a' AND accType='buyer'' at line 1 in C:\xampp\htdocs\Aparell-Homes-Secured\src\login.php:25
Stack trace:
#0 C:\xampp\htdocs\Aparell-Homes-Secured\src\login.php(25): mysqli->query('SELECT * FROM u...')
#1 {main}
  thrown in C:\xampp\htdocs\Aparell-Homes-Secured\src\login.php on line 25
[21-Sep-2025 16:54:16 Europe/Berlin] PHP Fatal error:  Uncaught mysqli_sql_exception: You have an error in your SQL syntax; check the manual that corresponds to your MySQL server version for the right syntax to use near 'add'a' AND accType='buyer'' at line 1 in C:\xampp\htdocs\Aparell-Homes-Secured\src\login.php:25
Stack trace:
#0 C:\xampp\htdocs\Aparell-Homes-Secured\src\login.php(25): mysqli->query('SELECT * FROM u...')
#1 {main}
  thrown in C:\xampp\htdocs\Aparell-Homes-Secured\src\login.php on line 25
[21-Sep-2025 17:02:39 Europe/Berlin] PHP Fatal error:  Uncaught mysqli_sql_exception: You have an error in your SQL syntax; check the manual that corresponds to your MySQL server version for the right syntax to use near 'add'a' AND accType='buyer'' at line 1 in C:\xampp\htdocs\Aparell-Homes-Secured\src\login.php:44
Stack trace:
#0 C:\xampp\htdocs\Aparell-Homes-Secured\src\login.php(44): mysqli->query('SELECT * FROM u...')
#1 {main}
  thrown in C:\xampp\htdocs\Aparell-Homes-Secured\src\login.php on line 44
[21-Sep-2025 17:02:51 Europe/Berlin] PHP Warning:  Undefined variable $dp in C:\xampp\htdocs\Aparell-Homes-Secured\src\index.php on line 60
[21-Sep-2025 17:02:51 Europe/Berlin] PHP Warning:  Undefined variable $acc in C:\xampp\htdocs\Aparell-Homes-Secured\src\index.php on line 63
[21-Sep-2025 17:02:53 Europe/Berlin] PHP Warning:  Undefined variable $dp in C:\xampp\htdocs\Aparell-Homes-Secured\src\index.php on line 60
[21-Sep-2025 17:02:53 Europe/Berlin] PHP Warning:  Undefined variable $acc in C:\xampp\htdocs\Aparell-Homes-Secured\src\index.php on line 63
[21-Sep-2025 17:03:08 Europe/Berlin] PHP Fatal error:  Uncaught mysqli_sql_exception: You have an error in your SQL syntax; check the manual that corresponds to your MySQL server version for the right syntax to use near 'add'a' AND accType='buyer'' at line 1 in C:\xampp\htdocs\Aparell-Homes-Secured\src\login.php:44
Stack trace:
#0 C:\xampp\htdocs\Aparell-Homes-Secured\src\login.php(44): mysqli->query('SELECT * FROM u...')
#1 {main}
  thrown in C:\xampp\htdocs\Aparell-Homes-Secured\src\login.php on line 44
[21-Sep-2025 17:03:31 Europe/Berlin] PHP Fatal error:  Uncaught mysqli_sql_exception: You have an error in your SQL syntax; check the manual that corresponds to your MySQL server version for the right syntax to use near 'add'a' AND accType='buyer'' at line 1 in C:\xampp\htdocs\Aparell-Homes-Secured\src\login.php:44
Stack trace:
#0 C:\xampp\htdocs\Aparell-Homes-Secured\src\login.php(44): mysqli->query('SELECT * FROM u...')
#1 {main}
  thrown in C:\xampp\htdocs\Aparell-Homes-Secured\src\login.php on line 44
[21-Sep-2025 17:03:40 Europe/Berlin] PHP Fatal error:  Uncaught mysqli_sql_exception: You have an error in your SQL syntax; check the manual that corresponds to your MySQL server version for the right syntax to use near 'add'a' AND accType='buyer'' at line 1 in C:\xampp\htdocs\Aparell-Homes-Secured\src\login.php:44
Stack trace:
#0 C:\xampp\htdocs\Aparell-Homes-Secured\src\login.php(44): mysqli->query('SELECT * FROM u...')
#1 {main}
  thrown in C:\xampp\htdocs\Aparell-Homes-Secured\src\login.php on line 44
[21-Sep-2025 17:04:07 Europe/Berlin] PHP Fatal error:  Uncaught mysqli_sql_exception: You have an error in your SQL syntax; check the manual that corresponds to your MySQL server version for the right syntax to use near 'add'a' AND accType='buyer'' at line 1 in C:\xampp\htdocs\Aparell-Homes-Secured\src\login.php:44
Stack trace:
#0 C:\xampp\htdocs\Aparell-Homes-Secured\src\login.php(44): mysqli->query('SELECT * FROM u...')
#1 {main}
  thrown in C:\xampp\htdocs\Aparell-Homes-Secured\src\login.php on line 44
[21-Sep-2025 17:04:10 Europe/Berlin] PHP Warning:  Undefined variable $dp in C:\xampp\htdocs\Aparell-Homes-Secured\src\index.php on line 60
[21-Sep-2025 17:04:10 Europe/Berlin] PHP Warning:  Undefined variable $acc in C:\xampp\htdocs\Aparell-Homes-Secured\src\index.php on line 63
[21-Sep-2025 17:04:29 Europe/Berlin] PHP Fatal error:  Uncaught mysqli_sql_exception: You have an error in your SQL syntax; check the manual that corresponds to your MySQL server version for the right syntax to use near 'add'a' AND accType='buyer'' at line 1 in C:\xampp\htdocs\Aparell-Homes-Secured\src\login.php:44
Stack trace:
#0 C:\xampp\htdocs\Aparell-Homes-Secured\src\login.php(44): mysqli->query('SELECT * FROM u...')
#1 {main}
  thrown in C:\xampp\htdocs\Aparell-Homes-Secured\src\login.php on line 44
[21-Sep-2025 17:04:33 Europe/Berlin] PHP Warning:  Undefined variable $dp in C:\xampp\htdocs\Aparell-Homes-Secured\src\index.php on line 60
[21-Sep-2025 17:04:33 Europe/Berlin] PHP Warning:  Undefined variable $acc in C:\xampp\htdocs\Aparell-Homes-Secured\src\index.php on line 63
